../Core/Src/main.c:89:6:HAL_TIM_PeriodElapsedCallback	16	static
../Core/Src/main.c:106:10:sine_wave	24	static
../Core/Src/main.c:113:10:makeNote	56	dynamic
../Core/Src/main.c:184:6:HAL_GPIO_EXTI_Callback	24	static
../Core/Src/main.c:223:6:HAL_DFSDM_FilterRegConvCpltCallback	24	static
../Core/Src/main.c:249:5:main	8	static
../Core/Src/main.c:305:6:SystemClock_Config	96	static
../Core/Src/main.c:356:13:MX_ADC1_Init	32	static
../Core/Src/main.c:424:13:MX_DAC1_Init	48	static
../Core/Src/main.c:468:13:MX_DFSDM1_Init	8	static
../Core/Src/main.c:521:13:MX_TIM2_Init	40	static
../Core/Src/main.c:566:13:MX_TIM3_Init	40	static
../Core/Src/main.c:611:13:MX_TIM4_Init	40	static
../Core/Src/main.c:654:13:MX_DMA_Init	16	static
../Core/Src/main.c:676:13:MX_GPIO_Init	48	static
../Core/Src/main.c:720:6:Error_Handler	4	static,ignoring_inline_asm
