../Core/Src/main.c:89:6:HAL_GPIO_EXTI_Callback	16	static
../Core/Src/main.c:97:6:HAL_TIM_PeriodElapsedCallback	16	static
../Core/Src/main.c:116:6:HAL_DFSDM_FilterRegConvCpltCallback	24	static
../Core/Src/main.c:170:5:main	8	static
../Core/Src/main.c:224:6:SystemClock_Config	96	static
../Core/Src/main.c:275:13:MX_ADC1_Init	32	static
../Core/Src/main.c:343:13:MX_DAC1_Init	48	static
../Core/Src/main.c:387:13:MX_DFSDM1_Init	8	static
../Core/Src/main.c:440:13:MX_TIM2_Init	40	static
../Core/Src/main.c:483:13:MX_DMA_Init	16	static
../Core/Src/main.c:505:13:MX_GPIO_Init	48	static
../Core/Src/main.c:549:6:Error_Handler	4	static,ignoring_inline_asm
