../Core/Src/main.c:112:6:HAL_GPIO_EXTI_Callback	16	static
../Core/Src/main.c:125:6:computeStatistics	144	static
../Core/Src/main.c:183:5:main	104	static
../Core/Src/main.c:322:6:SystemClock_Config	96	static
../Core/Src/main.c:373:13:MX_I2C2_Init	8	static
../Core/Src/main.c:421:13:MX_OCTOSPI1_Init	32	static
../Core/Src/main.c:469:13:MX_USART1_UART_Init	8	static
../Core/Src/main.c:517:13:MX_GPIO_Init	48	static
../Core/Src/main.c:564:6:StartTaskReadSensor	24	static
../Core/Src/main.c:666:6:StartTaskBtnInput	16	static
../Core/Src/main.c:697:6:StartTaskTransmit	32	static
../Core/Src/main.c:748:6:HAL_TIM_PeriodElapsedCallback	16	static
../Core/Src/main.c:765:6:Error_Handler	8	static,ignoring_inline_asm
